2026-08-11 12:17:15,197 - detect_image - INFO - Cargando modelo: yolov8n.pt
2026-08-11 12:17:15,263 - detect_image - INFO - Clases cargadas: 80
2026-08-11 12:17:15,265 - detect_image - INFO - Ejecutando inferencia sobre: ImagenPersonas2.jpg
2026-08-11 12:17:17,769 - detect_image - INFO - Número de 'person': 4
2026-08-11 12:17:17,774 - detect_image - INFO - Imagen anotada guardada en: salida.jpg
2026-08-11 12:17:34,770 - detect_image - INFO - Cargando modelo: yolov8n.pt
2026-08-11 12:17:34,840 - detect_image - INFO - Clases cargadas: 80
2026-08-11 12:17:34,841 - detect_image - ERROR - No se pudo leer la imagen: ImagenPersonas1.jpg
2026-08-11 12:17:49,765 - detect_image - INFO - Cargando modelo: yolov8n.pt
2026-08-11 12:17:49,828 - detect_image - INFO - Clases cargadas: 80
2026-08-11 12:17:49,833 - detect_image - INFO - Ejecutando inferencia sobre: ImagenPersonas.jpg
2026-08-11 12:17:52,278 - detect_image - INFO - Número de 'person': 5
2026-08-11 12:17:52,284 - detect_image - INFO - Imagen anotada guardada en: salida.jpg
2026-08-11 12:24:28,562 - detect_image - INFO - Cargando modelo: yolov8n.pt
2026-08-11 12:24:28,640 - detect_image - INFO - Clases cargadas: 80
2026-08-11 12:24:28,641 - detect_image - ERROR - No se pudo leer la imagen: ImagenPersonasIA.jpg
2026-08-11 12:24:48,980 - detect_image - INFO - Cargando modelo: yolov8n.pt
2026-08-11 12:24:49,397 - detect_image - INFO - Clases cargadas: 80
2026-08-11 12:24:49,457 - detect_image - INFO - Ejecutando inferencia sobre: ImagenPersonasIA.png
2026-08-11 12:24:54,056 - detect_image - INFO - Número de 'person': 15
2026-08-11 12:24:54,076 - detect_image - INFO - Imagen anotada guardada en: salida.jpg
2026-08-11 12:32:03,413 - detect_image - INFO - Cargando modelo: yolov8n.pt
2026-08-11 12:32:03,486 - detect_image - INFO - Clases cargadas: 80
2026-08-11 12:32:03,506 - detect_image - INFO - Ejecutando inferencia sobre: ImagenPersonasIA2.png
2026-08-11 12:32:06,189 - detect_image - INFO - Número de 'person': 6
2026-08-11 12:32:06,200 - detect_image - INFO - Imagen anotada guardada en: salida.jpg
2026-08-11 12:52:21,643 - detect_image - INFO - Cargando modelo: yolov8n.pt
2026-08-11 12:52:21,883 - detect_image - INFO - Clases cargadas: 80
2026-08-11 12:52:21,918 - detect_image - INFO - Ejecutando inferencia sobre: examples\ImagenPersonas.jpg
2026-08-11 12:52:32,261 - detect_image - INFO - Número de 'person': 5
2026-08-11 12:52:32,275 - detect_image - INFO - Imagen anotada guardada en: examples\salida_modular.jpg
2026-08-11 12:52:46,710 - detect_image - INFO - Cargando modelo: yolov8n.pt
2026-08-11 12:52:47,020 - detect_image - INFO - Clases cargadas: 80
2026-08-11 12:52:47,030 - detect_image - INFO - Ejecutando inferencia sobre: examples\ImagenPersonas.jpg
2026-08-11 12:52:53,545 - detect_image - INFO - Número de 'person': 5
2026-08-11 12:52:53,553 - detect_image - INFO - Imagen anotada guardada en: examples\salida_modular.jpg
