2026-08-11 11:00:18,447 - yolo_detector - INFO - Iniciando detector YOLO
2026-08-11 11:00:18,447 - yolo_detector - INFO - Modelo: yolov8n.pt, source: 0, conf: 0.5, output: None
2026-08-11 11:00:18,448 - yolo_detector - INFO - Cargando modelo yolov8n.pt...
2026-08-11 11:00:18,979 - yolo_detector - INFO - Video: 640x480 @ -1.0 FPS
2026-08-11 11:00:21,871 - yolo_detector - INFO - Frame 0: 0 detecciones
2026-08-11 11:00:23,022 - yolo_detector - INFO - Frame 1: 0 detecciones
2026-08-11 11:00:24,139 - yolo_detector - INFO - Frame 2: 0 detecciones
2026-08-11 11:00:25,293 - yolo_detector - INFO - Frame 3: 0 detecciones
2026-08-11 11:00:26,385 - yolo_detector - INFO - Frame 4: 0 detecciones
2026-08-11 11:00:27,500 - yolo_detector - INFO - Frame 5: 0 detecciones
2026-08-11 11:00:28,587 - yolo_detector - INFO - Frame 6: 0 detecciones
2026-08-11 11:00:29,685 - yolo_detector - INFO - Frame 7: 0 detecciones
2026-08-11 11:00:30,852 - yolo_detector - INFO - Frame 8: 0 detecciones
2026-08-11 11:00:31,948 - yolo_detector - INFO - Frame 9: 0 detecciones
2026-08-11 11:00:33,043 - yolo_detector - INFO - Frame 10: 0 detecciones
2026-08-11 11:00:34,136 - yolo_detector - INFO - Frame 11: 0 detecciones
2026-08-11 11:00:35,230 - yolo_detector - INFO - Frame 12: 0 detecciones
2026-08-11 11:00:36,358 - yolo_detector - INFO - Frame 13: 0 detecciones
2026-08-11 11:00:37,554 - yolo_detector - INFO - Frame 14: 0 detecciones
2026-08-11 11:00:38,703 - yolo_detector - INFO - Frame 15: 0 detecciones
2026-08-11 11:00:38,713 - yolo_detector - INFO - Saliendo por pulsar 'q'
2026-08-11 11:00:38,768 - yolo_detector - INFO - Total de frames procesados: 16
2026-08-11 11:04:54,556 - yolo_detector - INFO - Iniciando detector YOLO
2026-08-11 11:04:54,557 - yolo_detector - INFO - Modelo: yolov8n.pt, source: 0, conf: 0.5, output: None
2026-08-11 11:04:54,557 - yolo_detector - INFO - Cargando modelo yolov8n.pt...
2026-08-11 11:04:54,592 - yolo_detector - INFO - Modelo cargado con 80 clases
2026-08-11 11:04:54,592 - yolo_detector - INFO - Abriendo fuente de video: 0
2026-08-11 11:04:54,827 - yolo_detector - INFO - Video abierto correctamente con backend: default
2026-08-11 11:04:54,828 - yolo_detector - INFO - Video: 640x480 @ 30.0 FPS
2026-08-11 11:04:55,333 - yolo_detector - WARNING - Fin del video o no se pudo leer el frame
2026-08-11 11:04:55,706 - yolo_detector - INFO - Total de frames procesados: 0
2026-08-11 11:05:01,926 - yolo_detector - INFO - Iniciando detector YOLO
2026-08-11 11:05:01,926 - yolo_detector - INFO - Modelo: yolov8n.pt, source: 0, conf: 0.5, output: None
2026-08-11 11:05:01,926 - yolo_detector - INFO - Cargando modelo yolov8n.pt...
2026-08-11 11:05:01,962 - yolo_detector - INFO - Modelo cargado con 80 clases
2026-08-11 11:05:01,963 - yolo_detector - INFO - Abriendo fuente de video: 0
2026-08-11 11:05:02,169 - yolo_detector - INFO - Video abierto correctamente con backend: default
2026-08-11 11:05:02,169 - yolo_detector - INFO - Video: 640x480 @ 30.0 FPS
2026-08-11 11:05:02,675 - yolo_detector - WARNING - Fin del video o no se pudo leer el frame
2026-08-11 11:05:03,025 - yolo_detector - INFO - Total de frames procesados: 0
2026-08-11 11:07:12,715 - yolo_detector - INFO - Iniciando detector YOLO
2026-08-11 11:07:12,716 - yolo_detector - INFO - Modelo: yolov8n.pt, source: 0, conf: 0.5, output: None
2026-08-11 11:07:12,716 - yolo_detector - INFO - Cargando modelo yolov8n.pt...
2026-08-11 11:07:12,752 - yolo_detector - INFO - Modelo cargado con 80 clases
2026-08-11 11:07:12,753 - yolo_detector - INFO - Abriendo fuente de video: 0
2026-08-11 11:07:13,393 - yolo_detector - INFO - Video abierto correctamente con backend: DirectShow
2026-08-11 11:07:14,393 - yolo_detector - INFO - Primera lectura de frame exitosa en intento 1
2026-08-11 11:07:14,393 - yolo_detector - WARNING - FPS no válido, usando valor por defecto 30.0
2026-08-11 11:07:14,394 - yolo_detector - INFO - Video: 640x480 @ 30.0 FPS
2026-08-11 11:07:17,014 - yolo_detector - INFO - Frame 0: 0 detecciones
2026-08-11 11:07:18,179 - yolo_detector - INFO - Frame 1: 0 detecciones
2026-08-11 11:07:19,305 - yolo_detector - INFO - Frame 2: 0 detecciones
2026-08-11 11:07:20,478 - yolo_detector - INFO - Frame 3: 0 detecciones
2026-08-11 11:07:21,647 - yolo_detector - INFO - Frame 4: 0 detecciones
2026-08-11 11:07:22,813 - yolo_detector - INFO - Frame 5: 0 detecciones
2026-08-11 11:07:23,903 - yolo_detector - INFO - Frame 6: 0 detecciones
2026-08-11 11:07:25,050 - yolo_detector - INFO - Frame 7: 0 detecciones
2026-08-11 11:07:25,054 - yolo_detector - INFO - Saliendo por pulsar 'q'
2026-08-11 11:07:25,102 - yolo_detector - INFO - Total de frames procesados: 8
2026-08-11 11:08:30,752 - yolo_detector - INFO - Iniciando detector YOLO
2026-08-11 11:08:30,752 - yolo_detector - INFO - Modelo: yolov8n.pt, source: 0, conf: 0.5, output: None
2026-08-11 11:08:30,753 - yolo_detector - INFO - Cargando modelo yolov8n.pt...
2026-08-11 11:08:30,793 - yolo_detector - INFO - Modelo cargado con 80 clases
2026-08-11 11:08:30,794 - yolo_detector - INFO - Abriendo fuente de video: 0
2026-08-11 11:08:31,181 - yolo_detector - INFO - Video abierto correctamente con backend: DirectShow
2026-08-11 11:08:32,183 - yolo_detector - INFO - Primera lectura de frame exitosa en intento 1
2026-08-11 11:08:32,185 - yolo_detector - WARNING - FPS no válido, usando valor por defecto 24.0
2026-08-11 11:08:32,187 - yolo_detector - INFO - Video: 640x480 @ 24.0 FPS
2026-08-11 11:08:34,935 - yolo_detector - INFO - Frame 0: 0 detecciones
2026-08-11 11:08:36,150 - yolo_detector - INFO - Frame 1: 0 detecciones
2026-08-11 11:08:37,241 - yolo_detector - INFO - Frame 2: 0 detecciones
2026-08-11 11:08:38,389 - yolo_detector - INFO - Frame 3: 0 detecciones
2026-08-11 11:08:39,541 - yolo_detector - INFO - Frame 4: 0 detecciones
2026-08-11 11:08:40,642 - yolo_detector - INFO - Frame 5: 0 detecciones
2026-08-11 11:08:40,645 - yolo_detector - INFO - Saliendo por pulsar 'q'
2026-08-11 11:08:40,672 - yolo_detector - INFO - Total de frames procesados: 6
2026-08-11 11:12:43,300 - yolo_detector - INFO - Iniciando detector YOLO
2026-08-11 11:12:43,301 - yolo_detector - INFO - Modelo: yolov8n.pt, source: 0, conf: 0.5, output: None
2026-08-11 11:12:43,301 - yolo_detector - INFO - Cargando modelo yolov8n.pt...
2026-08-11 11:12:43,336 - yolo_detector - INFO - Modelo cargado con 80 clases
2026-08-11 11:12:43,337 - yolo_detector - INFO - Escaneando dispositivos de cámara disponibles...
2026-08-11 11:12:48,413 - yolo_detector - INFO - Cámaras detectadas: []
2026-08-11 11:13:03,853 - yolo_detector - INFO - Iniciando detector YOLO
2026-08-11 11:13:03,854 - yolo_detector - INFO - Modelo: yolov8n.pt, source: 0, conf: 0.5, output: None
2026-08-11 11:13:03,855 - yolo_detector - INFO - Cargando modelo yolov8n.pt...
2026-08-11 11:13:03,895 - yolo_detector - INFO - Modelo cargado con 80 clases
2026-08-11 11:13:03,896 - yolo_detector - INFO - Escaneando dispositivos de cámara disponibles...
2026-08-11 11:13:05,381 - yolo_detector - INFO - Cámaras detectadas: []
2026-08-11 11:13:15,641 - yolo_detector - INFO - Iniciando detector YOLO
2026-08-11 11:13:15,642 - yolo_detector - INFO - Modelo: yolov8n.pt, source: 0, conf: 0.5, output: None
2026-08-11 11:13:15,642 - yolo_detector - INFO - Cargando modelo yolov8n.pt...
2026-08-11 11:13:15,679 - yolo_detector - INFO - Modelo cargado con 80 clases
2026-08-11 11:13:15,680 - yolo_detector - INFO - Abriendo fuente de video: 0
2026-08-11 11:13:15,955 - yolo_detector - INFO - Fuente abierta con backend: DirectShow
2026-08-11 11:13:17,523 - yolo_detector - INFO - Warmup exitoso con backend DirectShow en intento 1
2026-08-11 11:13:17,524 - yolo_detector - WARNING - FPS no válido, usando valor por defecto 24.0
2026-08-11 11:13:17,524 - yolo_detector - INFO - Video: 640x480 @ 24.0 FPS
2026-08-11 11:13:20,286 - yolo_detector - INFO - Frame 0: 0 detecciones
2026-08-11 11:13:21,555 - yolo_detector - INFO - Frame 1: 0 detecciones
2026-08-11 11:13:22,707 - yolo_detector - INFO - Frame 2: 0 detecciones
2026-08-11 11:13:23,823 - yolo_detector - INFO - Frame 3: 0 detecciones
2026-08-11 11:13:24,972 - yolo_detector - INFO - Frame 4: 0 detecciones
2026-08-11 11:13:24,976 - yolo_detector - INFO - Saliendo por pulsar 'q'
2026-08-11 11:13:25,033 - yolo_detector - INFO - Total de frames procesados: 5
2026-08-11 11:28:38,812 - yolo_detector - INFO - Iniciando detector YOLO
2026-08-11 11:28:38,812 - yolo_detector - INFO - Modelo: yolov8n.pt, source: 0, conf: 0.5, output: None
2026-08-11 11:28:38,813 - yolo_detector - INFO - Cargando modelo yolov8n.pt...
2026-08-11 11:28:38,862 - yolo_detector - INFO - <class 'ultralytics.models.yolo.model.YOLO'>
2026-08-11 11:28:38,863 - yolo_detector - INFO - Modelo cargado con 80 clases
2026-08-11 11:28:38,864 - yolo_detector - INFO - Abriendo fuente de video: 0
2026-08-11 11:28:39,392 - yolo_detector - INFO - Fuente abierta con backend: DirectShow
2026-08-11 11:28:41,105 - yolo_detector - INFO - Warmup exitoso con backend DirectShow en intento 1
2026-08-11 11:28:41,106 - yolo_detector - WARNING - FPS no válido, usando valor por defecto 24.0
2026-08-11 11:28:41,106 - yolo_detector - INFO - Video: 640x480 @ 24.0 FPS
2026-08-11 11:28:44,148 - yolo_detector - INFO - Frame 0: 0 detecciones
2026-08-11 11:28:45,333 - yolo_detector - INFO - Frame 1: 0 detecciones
2026-08-11 11:28:46,430 - yolo_detector - INFO - Frame 2: 0 detecciones
2026-08-11 11:28:47,586 - yolo_detector - INFO - Frame 3: 0 detecciones
2026-08-11 11:28:48,754 - yolo_detector - INFO - Frame 4: 0 detecciones
2026-08-11 11:28:49,870 - yolo_detector - INFO - Frame 5: 0 detecciones
2026-08-11 11:28:51,053 - yolo_detector - INFO - Frame 6: 0 detecciones
2026-08-11 11:28:51,056 - yolo_detector - INFO - Saliendo por pulsar 'q'
2026-08-11 11:28:51,095 - yolo_detector - INFO - Total de frames procesados: 7
2026-08-11 11:43:41,722 - yolo_detector - INFO - Iniciando detector YOLO
2026-08-11 11:43:41,723 - yolo_detector - INFO - Modelo: yolov8n.pt, source: 0, conf: 0.5, output: None
2026-08-11 11:43:41,723 - yolo_detector - INFO - Cargando modelo yolov8n.pt...
2026-08-11 11:43:41,797 - yolo_detector - INFO - <class 'ultralytics.models.yolo.model.YOLO'>
2026-08-11 11:43:41,797 - yolo_detector - INFO - Modelo cargado con 80 clases
2026-08-11 11:43:41,798 - yolo_detector - INFO - Abriendo fuente de video: 0
2026-08-11 11:43:42,418 - yolo_detector - INFO - Fuente abierta con backend: DirectShow
2026-08-11 11:43:44,078 - yolo_detector - INFO - Warmup exitoso con backend DirectShow en intento 1
2026-08-11 11:43:44,080 - yolo_detector - WARNING - FPS no válido, usando valor por defecto 24.0
2026-08-11 11:43:44,081 - yolo_detector - INFO - Video: 640x480 @ 24.0 FPS
2026-08-11 11:43:45,090 - yolo_detector - INFO - Frame stats: min=0 max=252 mean=0.01
2026-08-11 11:43:45,128 - yolo_detector - INFO - Frame inicial guardado: debug_frame_0.jpg
2026-08-11 11:43:47,956 - yolo_detector - INFO - Frame 0: 0 detecciones
2026-08-11 11:43:49,136 - yolo_detector - INFO - Frame stats: min=0 max=255 mean=0.66
2026-08-11 11:43:49,316 - yolo_detector - INFO - Frame 1: 0 detecciones
2026-08-11 11:43:50,325 - yolo_detector - INFO - Frame stats: min=0 max=255 mean=0.67
2026-08-11 11:43:50,471 - yolo_detector - INFO - Frame 2: 0 detecciones
2026-08-11 11:43:51,479 - yolo_detector - INFO - Frame stats: min=0 max=255 mean=0.91
2026-08-11 11:43:51,562 - yolo_detector - INFO - Frame 3: 0 detecciones
2026-08-11 11:43:52,568 - yolo_detector - INFO - Frame stats: min=0 max=255 mean=0.91
2026-08-11 11:43:52,740 - yolo_detector - INFO - Frame 4: 0 detecciones
2026-08-11 11:43:53,745 - yolo_detector - INFO - Frame stats: min=0 max=255 mean=0.94
2026-08-11 11:43:53,899 - yolo_detector - INFO - Frame 5: 0 detecciones
2026-08-11 11:43:54,904 - yolo_detector - INFO - Frame stats: min=0 max=253 mean=0.00
2026-08-11 11:43:55,055 - yolo_detector - INFO - Frame 6: 0 detecciones
2026-08-11 11:43:56,062 - yolo_detector - INFO - Frame stats: min=0 max=255 mean=0.95
2026-08-11 11:43:56,212 - yolo_detector - INFO - Frame 7: 0 detecciones
2026-08-11 11:43:57,218 - yolo_detector - INFO - Frame stats: min=0 max=255 mean=0.25
2026-08-11 11:43:57,391 - yolo_detector - INFO - Frame 8: 0 detecciones
2026-08-11 11:43:58,396 - yolo_detector - INFO - Frame stats: min=0 max=255 mean=0.96
2026-08-11 11:43:58,546 - yolo_detector - INFO - Frame 9: 0 detecciones
2026-08-11 11:43:59,550 - yolo_detector - INFO - Frame stats: min=0 max=255 mean=0.28
2026-08-11 11:43:59,718 - yolo_detector - INFO - Frame 10: 0 detecciones
2026-08-11 11:44:00,724 - yolo_detector - INFO - Frame stats: min=0 max=255 mean=0.97
2026-08-11 11:44:00,851 - yolo_detector - INFO - Frame 11: 0 detecciones
2026-08-11 11:44:00,856 - yolo_detector - INFO - Saliendo por pulsar 'q'
2026-08-11 11:44:00,932 - yolo_detector - INFO - Total de frames procesados: 12
2026-08-11 11:45:33,733 - yolo_detector - INFO - 
 Iniciando detector YOLO
2026-08-11 11:45:33,734 - yolo_detector - INFO - Modelo: yolov8n.pt, source: 0, conf: 0.5, output: None
2026-08-11 11:45:33,735 - yolo_detector - INFO - Cargando modelo yolov8n.pt...
2026-08-11 11:45:33,780 - yolo_detector - INFO - <class 'ultralytics.models.yolo.model.YOLO'>
2026-08-11 11:45:33,781 - yolo_detector - INFO - Modelo cargado con 80 clases
2026-08-11 11:45:33,781 - yolo_detector - INFO - Abriendo fuente de video: 0
2026-08-11 11:45:34,379 - yolo_detector - INFO - Fuente abierta con backend: DirectShow
2026-08-11 11:45:36,083 - yolo_detector - INFO - Warmup exitoso con backend DirectShow en intento 1
2026-08-11 11:45:36,085 - yolo_detector - WARNING - FPS no válido, usando valor por defecto 24.0
2026-08-11 11:45:36,086 - yolo_detector - INFO - Video: 640x480 @ 24.0 FPS
2026-08-11 11:45:37,090 - yolo_detector - INFO - Frame stats: min=0 max=255 mean=0.01
2026-08-11 11:45:37,096 - yolo_detector - INFO - Frame inicial guardado: debug_frame_0.jpg
2026-08-11 11:45:39,388 - yolo_detector - INFO - Frame 0: 0 detecciones
2026-08-11 11:45:40,488 - yolo_detector - INFO - Frame stats: min=0 max=240 mean=0.01
2026-08-11 11:45:40,619 - yolo_detector - INFO - Frame 1: 0 detecciones
2026-08-11 11:45:41,631 - yolo_detector - INFO - Frame stats: min=0 max=255 mean=0.25
2026-08-11 11:45:41,746 - yolo_detector - INFO - Frame 2: 0 detecciones
2026-08-11 11:45:42,752 - yolo_detector - INFO - Frame stats: min=0 max=255 mean=0.25
2026-08-11 11:45:42,936 - yolo_detector - INFO - Frame 3: 0 detecciones
2026-08-11 11:45:43,945 - yolo_detector - INFO - Frame stats: min=0 max=255 mean=0.29
2026-08-11 11:45:44,125 - yolo_detector - INFO - Frame 4: 0 detecciones
2026-08-11 11:45:45,131 - yolo_detector - INFO - Frame stats: min=0 max=255 mean=0.50
2026-08-11 11:45:45,296 - yolo_detector - INFO - Frame 5: 0 detecciones
2026-08-11 11:45:46,302 - yolo_detector - INFO - Frame stats: min=0 max=255 mean=0.30
2026-08-11 11:45:46,480 - yolo_detector - INFO - Frame 6: 0 detecciones
2026-08-11 11:45:47,486 - yolo_detector - INFO - Frame stats: min=0 max=255 mean=0.53
2026-08-11 11:45:47,653 - yolo_detector - INFO - Frame 7: 0 detecciones
2026-08-11 11:45:48,659 - yolo_detector - INFO - Frame stats: min=0 max=255 mean=0.31
2026-08-11 11:45:48,803 - yolo_detector - INFO - Frame 8: 0 detecciones
2026-08-11 11:45:49,807 - yolo_detector - INFO - Frame stats: min=0 max=255 mean=0.55
2026-08-11 11:45:49,970 - yolo_detector - INFO - Frame 9: 0 detecciones
2026-08-11 11:45:50,977 - yolo_detector - INFO - Frame stats: min=0 max=255 mean=0.32
2026-08-11 11:45:51,151 - yolo_detector - INFO - Frame 10: 0 detecciones
2026-08-11 11:45:52,167 - yolo_detector - INFO - Frame stats: min=0 max=255 mean=0.56
2026-08-11 11:45:52,332 - yolo_detector - INFO - Frame 11: 0 detecciones
2026-08-11 11:45:53,338 - yolo_detector - INFO - Frame stats: min=0 max=255 mean=0.32
2026-08-11 11:45:53,498 - yolo_detector - INFO - Frame 12: 0 detecciones
2026-08-11 11:45:54,508 - yolo_detector - INFO - Frame stats: min=0 max=255 mean=0.56
2026-08-11 11:45:54,676 - yolo_detector - INFO - Frame 13: 0 detecciones
2026-08-11 11:45:55,682 - yolo_detector - INFO - Frame stats: min=0 max=255 mean=0.33
2026-08-11 11:45:55,849 - yolo_detector - INFO - Frame 14: 0 detecciones
2026-08-11 11:45:56,856 - yolo_detector - INFO - Frame stats: min=0 max=255 mean=0.57
2026-08-11 11:45:57,036 - yolo_detector - INFO - Frame 15: 0 detecciones
2026-08-11 11:45:58,042 - yolo_detector - INFO - Frame stats: min=0 max=255 mean=0.33
2026-08-11 11:45:58,228 - yolo_detector - INFO - Frame 16: 0 detecciones
2026-08-11 11:45:59,235 - yolo_detector - INFO - Frame stats: min=0 max=255 mean=0.57
2026-08-11 11:45:59,410 - yolo_detector - INFO - Frame 17: 0 detecciones
2026-08-11 11:46:00,418 - yolo_detector - INFO - Frame stats: min=0 max=255 mean=0.33
2026-08-11 11:46:00,588 - yolo_detector - INFO - Frame 18: 0 detecciones
2026-08-11 11:46:01,594 - yolo_detector - INFO - Frame stats: min=0 max=255 mean=0.57
2026-08-11 11:46:01,784 - yolo_detector - INFO - Frame 19: 0 detecciones
2026-08-11 11:46:02,807 - yolo_detector - INFO - Frame stats: min=0 max=255 mean=0.33
2026-08-11 11:46:02,964 - yolo_detector - INFO - Frame 20: 0 detecciones
2026-08-11 11:46:02,966 - yolo_detector - INFO - Saliendo por pulsar 'q'
2026-08-11 11:46:03,019 - yolo_detector - INFO - Total de frames procesados: 21
2026-08-11 13:01:18,722 - yolo_detector - INFO - 
 Iniciando detector YOLO
2026-08-11 13:01:18,724 - yolo_detector - INFO - Cargando modelo yolov8n.pt...
2026-08-11 13:01:18,789 - yolo_detector - INFO - <class 'ultralytics.models.yolo.model.YOLO'>
2026-08-11 13:01:18,790 - yolo_detector - INFO - Modelo cargado con 80 clases
2026-08-11 13:01:18,792 - yolo_detector - INFO - Procesando recursos en 'examples', guardando resultados en 'output'
2026-08-11 13:01:18,794 - yolo_detector - INFO - --- Procesando Imagen: ImagenPersonas.jpg ---
2026-08-11 13:01:18,795 - yolo_detector - INFO - Abriendo fuente de imagen: examples\ImagenPersonas.jpg
2026-08-11 13:01:22,453 - yolo_detector - INFO - Imagen procesada: 5 detecciones encontradas
2026-08-11 13:01:22,457 - yolo_detector - INFO - Guardando imagen procesada en: output\out_ImagenPersonas.jpg
2026-08-11 13:01:22,459 - yolo_detector - INFO - --- Procesando Imagen: ImagenPersonas2.jpg ---
2026-08-11 13:01:22,460 - yolo_detector - INFO - Abriendo fuente de imagen: examples\ImagenPersonas2.jpg
2026-08-11 13:01:22,622 - yolo_detector - INFO - Imagen procesada: 4 detecciones encontradas
2026-08-11 13:01:22,627 - yolo_detector - INFO - Guardando imagen procesada en: output\out_ImagenPersonas2.jpg
2026-08-11 13:01:22,628 - yolo_detector - INFO - --- Procesando Imagen: ImagenPersonasIA.png ---
2026-08-11 13:01:22,629 - yolo_detector - INFO - Abriendo fuente de imagen: examples\ImagenPersonasIA.png
2026-08-11 13:01:22,791 - yolo_detector - INFO - Imagen procesada: 19 detecciones encontradas
2026-08-11 13:01:22,848 - yolo_detector - INFO - Guardando imagen procesada en: output\out_ImagenPersonasIA.png
2026-08-11 13:01:22,850 - yolo_detector - INFO - --- Procesando Imagen: ImagenPersonasIA2.png ---
2026-08-11 13:01:22,850 - yolo_detector - INFO - Abriendo fuente de imagen: examples\ImagenPersonasIA2.png
2026-08-11 13:01:22,972 - yolo_detector - INFO - Imagen procesada: 6 detecciones encontradas
2026-08-11 13:01:23,029 - yolo_detector - INFO - Guardando imagen procesada en: output\out_ImagenPersonasIA2.png
2026-08-11 13:01:23,031 - yolo_detector - INFO - --- Procesando Imagen: salida_modular.jpg ---
2026-08-11 13:01:23,032 - yolo_detector - INFO - Abriendo fuente de imagen: examples\salida_modular.jpg
2026-08-11 13:01:23,156 - yolo_detector - INFO - Imagen procesada: 3 detecciones encontradas
2026-08-11 13:01:23,163 - yolo_detector - INFO - Guardando imagen procesada en: output\out_salida_modular.jpg
2026-08-11 13:01:23,165 - yolo_detector - INFO - --- Procesando Video: VideoPersonas.mp4 ---
2026-08-11 13:01:23,166 - yolo_detector - INFO - Abriendo fuente de video: examples\VideoPersonas.mp4
2026-08-11 13:01:23,331 - yolo_detector - INFO - Fuente abierta con backend: default
2026-08-11 13:01:23,375 - yolo_detector - INFO - Warmup exitoso con backend default en intento 1
2026-08-11 13:01:23,376 - yolo_detector - INFO - Video: 1280x720 @ 24.0 FPS
2026-08-11 13:01:23,383 - yolo_detector - INFO - Guardando en: output\out_VideoPersonas.mp4
2026-08-11 13:01:23,597 - yolo_detector - INFO - Frame 0: 7 detecciones
2026-08-11 13:01:23,996 - yolo_detector - INFO - Frame 1: 8 detecciones
2026-08-11 13:01:24,266 - yolo_detector - INFO - Frame 2: 8 detecciones
2026-08-11 13:01:24,497 - yolo_detector - INFO - Frame 3: 8 detecciones
2026-08-11 13:01:24,797 - yolo_detector - INFO - Frame 4: 9 detecciones
2026-08-11 13:01:25,026 - yolo_detector - INFO - Frame 5: 11 detecciones
2026-08-11 13:01:25,218 - yolo_detector - INFO - Frame 6: 10 detecciones
2026-08-11 13:01:25,411 - yolo_detector - INFO - Frame 7: 10 detecciones
2026-08-11 13:01:25,581 - yolo_detector - INFO - Frame 8: 9 detecciones
2026-08-11 13:01:25,748 - yolo_detector - INFO - Frame 9: 9 detecciones
2026-08-11 13:01:27,581 - yolo_detector - INFO - Frame 10: 8 detecciones
2026-08-11 13:01:27,713 - yolo_detector - INFO - Frame 11: 7 detecciones
2026-08-11 13:01:27,879 - yolo_detector - INFO - Frame 12: 9 detecciones
2026-08-11 13:01:28,036 - yolo_detector - INFO - Frame 13: 6 detecciones
2026-08-11 13:01:28,198 - yolo_detector - INFO - Frame 14: 7 detecciones
2026-08-11 13:01:28,324 - yolo_detector - INFO - Frame 15: 9 detecciones
2026-08-11 13:01:28,448 - yolo_detector - INFO - Frame 16: 9 detecciones
2026-08-11 13:01:28,575 - yolo_detector - INFO - Frame 17: 7 detecciones
2026-08-11 13:01:28,703 - yolo_detector - INFO - Frame 18: 7 detecciones
2026-08-11 13:01:28,834 - yolo_detector - INFO - Frame 19: 9 detecciones
2026-08-11 13:01:28,967 - yolo_detector - INFO - Frame 20: 9 detecciones
2026-08-11 13:01:29,097 - yolo_detector - INFO - Frame 21: 7 detecciones
2026-08-11 13:01:29,225 - yolo_detector - INFO - Frame 22: 8 detecciones
2026-08-11 13:01:29,346 - yolo_detector - INFO - Frame 23: 8 detecciones
2026-08-11 13:01:29,466 - yolo_detector - INFO - Frame 24: 6 detecciones
2026-08-11 13:01:29,576 - yolo_detector - INFO - Frame 25: 7 detecciones
2026-08-11 13:01:29,697 - yolo_detector - INFO - Frame 26: 6 detecciones
2026-08-11 13:01:29,849 - yolo_detector - INFO - Frame 27: 8 detecciones
2026-08-11 13:01:30,008 - yolo_detector - INFO - Frame 28: 8 detecciones
2026-08-11 13:01:30,163 - yolo_detector - INFO - Frame 29: 7 detecciones
2026-08-11 13:01:30,308 - yolo_detector - INFO - Frame 30: 8 detecciones
2026-08-11 13:01:30,427 - yolo_detector - INFO - Frame 31: 8 detecciones
2026-08-11 13:01:30,550 - yolo_detector - INFO - Frame 32: 9 detecciones
2026-08-11 13:01:30,672 - yolo_detector - INFO - Frame 33: 8 detecciones
2026-08-11 13:01:30,795 - yolo_detector - INFO - Frame 34: 7 detecciones
2026-08-11 13:01:30,915 - yolo_detector - INFO - Frame 35: 7 detecciones
2026-08-11 13:01:31,037 - yolo_detector - INFO - Frame 36: 8 detecciones
2026-08-11 13:01:31,154 - yolo_detector - INFO - Frame 37: 9 detecciones
2026-08-11 13:01:31,270 - yolo_detector - INFO - Frame 38: 10 detecciones
2026-08-11 13:01:31,388 - yolo_detector - INFO - Frame 39: 7 detecciones
2026-08-11 13:01:31,506 - yolo_detector - INFO - Frame 40: 8 detecciones
2026-08-11 13:01:31,624 - yolo_detector - INFO - Frame 41: 9 detecciones
2026-08-11 13:01:31,742 - yolo_detector - INFO - Frame 42: 10 detecciones
2026-08-11 13:01:31,853 - yolo_detector - INFO - Frame 43: 10 detecciones
2026-08-11 13:01:31,964 - yolo_detector - INFO - Frame 44: 8 detecciones
2026-08-11 13:01:32,086 - yolo_detector - INFO - Frame 45: 8 detecciones
2026-08-11 13:01:32,219 - yolo_detector - INFO - Frame 46: 10 detecciones
2026-08-11 13:01:32,376 - yolo_detector - INFO - Frame 47: 10 detecciones
2026-08-11 13:01:32,514 - yolo_detector - INFO - Frame 48: 9 detecciones
2026-08-11 13:01:32,655 - yolo_detector - INFO - Frame 49: 9 detecciones
2026-08-11 13:01:32,783 - yolo_detector - INFO - Frame 50: 9 detecciones
2026-08-11 13:01:32,918 - yolo_detector - INFO - Frame 51: 10 detecciones
2026-08-11 13:01:33,044 - yolo_detector - INFO - Frame 52: 11 detecciones
2026-08-11 13:01:33,150 - yolo_detector - INFO - Frame 53: 13 detecciones
2026-08-11 13:01:33,272 - yolo_detector - INFO - Frame 54: 13 detecciones
2026-08-11 13:01:33,388 - yolo_detector - INFO - Frame 55: 11 detecciones
2026-08-11 13:01:33,502 - yolo_detector - INFO - Frame 56: 10 detecciones
2026-08-11 13:01:33,615 - yolo_detector - INFO - Frame 57: 11 detecciones
2026-08-11 13:01:33,723 - yolo_detector - INFO - Frame 58: 10 detecciones
2026-08-11 13:01:33,852 - yolo_detector - INFO - Frame 59: 10 detecciones
2026-08-11 13:01:33,977 - yolo_detector - INFO - Frame 60: 10 detecciones
2026-08-11 13:01:34,139 - yolo_detector - INFO - Frame 61: 10 detecciones
2026-08-11 13:01:34,273 - yolo_detector - INFO - Frame 62: 10 detecciones
2026-08-11 13:01:34,393 - yolo_detector - INFO - Frame 63: 8 detecciones
2026-08-11 13:01:34,507 - yolo_detector - INFO - Frame 64: 8 detecciones
2026-08-11 13:01:34,616 - yolo_detector - INFO - Frame 65: 8 detecciones
2026-08-11 13:01:34,724 - yolo_detector - INFO - Frame 66: 7 detecciones
2026-08-11 13:01:34,844 - yolo_detector - INFO - Frame 67: 9 detecciones
2026-08-11 13:01:34,959 - yolo_detector - INFO - Frame 68: 7 detecciones
2026-08-11 13:01:35,084 - yolo_detector - INFO - Frame 69: 9 detecciones
2026-08-11 13:01:35,210 - yolo_detector - INFO - Frame 70: 9 detecciones
2026-08-11 13:01:35,329 - yolo_detector - INFO - Frame 71: 10 detecciones
2026-08-11 13:01:35,448 - yolo_detector - INFO - Frame 72: 11 detecciones
2026-08-11 13:01:35,561 - yolo_detector - INFO - Frame 73: 11 detecciones
2026-08-11 13:01:35,677 - yolo_detector - INFO - Frame 74: 11 detecciones
2026-08-11 13:01:35,793 - yolo_detector - INFO - Frame 75: 11 detecciones
2026-08-11 13:01:35,910 - yolo_detector - INFO - Frame 76: 9 detecciones
2026-08-11 13:01:36,026 - yolo_detector - INFO - Frame 77: 10 detecciones
2026-08-11 13:01:36,145 - yolo_detector - INFO - Frame 78: 10 detecciones
2026-08-11 13:01:36,271 - yolo_detector - INFO - Frame 79: 10 detecciones
2026-08-11 13:01:36,386 - yolo_detector - INFO - Frame 80: 9 detecciones
2026-08-11 13:01:36,506 - yolo_detector - INFO - Frame 81: 8 detecciones
2026-08-11 13:01:36,626 - yolo_detector - INFO - Frame 82: 8 detecciones
2026-08-11 13:01:36,740 - yolo_detector - INFO - Frame 83: 8 detecciones
2026-08-11 13:01:36,857 - yolo_detector - INFO - Frame 84: 7 detecciones
2026-08-11 13:01:36,975 - yolo_detector - INFO - Frame 85: 9 detecciones
2026-08-11 13:01:37,098 - yolo_detector - INFO - Frame 86: 7 detecciones
2026-08-11 13:01:37,212 - yolo_detector - INFO - Frame 87: 7 detecciones
2026-08-11 13:01:37,324 - yolo_detector - INFO - Frame 88: 7 detecciones
2026-08-11 13:01:37,489 - yolo_detector - INFO - Frame 89: 8 detecciones
2026-08-11 13:01:37,607 - yolo_detector - INFO - Frame 90: 9 detecciones
2026-08-11 13:01:37,740 - yolo_detector - INFO - Frame 91: 10 detecciones
2026-08-11 13:01:37,865 - yolo_detector - INFO - Frame 92: 8 detecciones
2026-08-11 13:01:37,984 - yolo_detector - INFO - Frame 93: 9 detecciones
2026-08-11 13:01:38,095 - yolo_detector - INFO - Frame 94: 9 detecciones
2026-08-11 13:01:38,206 - yolo_detector - INFO - Frame 95: 7 detecciones
2026-08-11 13:01:38,319 - yolo_detector - INFO - Frame 96: 8 detecciones
2026-08-11 13:01:38,433 - yolo_detector - INFO - Frame 97: 8 detecciones
2026-08-11 13:01:38,550 - yolo_detector - INFO - Frame 98: 12 detecciones
2026-08-11 13:01:38,662 - yolo_detector - INFO - Frame 99: 7 detecciones
2026-08-11 13:01:38,780 - yolo_detector - INFO - Frame 100: 8 detecciones
2026-08-11 13:01:38,896 - yolo_detector - INFO - Frame 101: 9 detecciones
2026-08-11 13:01:39,012 - yolo_detector - INFO - Frame 102: 9 detecciones
2026-08-11 13:01:39,123 - yolo_detector - INFO - Frame 103: 10 detecciones
2026-08-11 13:01:39,235 - yolo_detector - INFO - Frame 104: 10 detecciones
2026-08-11 13:01:39,359 - yolo_detector - INFO - Frame 105: 11 detecciones
2026-08-11 13:01:39,506 - yolo_detector - INFO - Frame 106: 12 detecciones
2026-08-11 13:01:39,636 - yolo_detector - INFO - Frame 107: 10 detecciones
2026-08-11 13:01:39,768 - yolo_detector - INFO - Frame 108: 10 detecciones
2026-08-11 13:01:39,903 - yolo_detector - INFO - Frame 109: 10 detecciones
2026-08-11 13:01:40,025 - yolo_detector - INFO - Frame 110: 12 detecciones
2026-08-11 13:01:40,146 - yolo_detector - INFO - Frame 111: 11 detecciones
2026-08-11 13:01:40,249 - yolo_detector - INFO - Frame 112: 10 detecciones
2026-08-11 13:01:40,360 - yolo_detector - INFO - Frame 113: 11 detecciones
2026-08-11 13:01:40,472 - yolo_detector - INFO - Frame 114: 12 detecciones
2026-08-11 13:01:40,587 - yolo_detector - INFO - Frame 115: 12 detecciones
2026-08-11 13:01:40,701 - yolo_detector - INFO - Frame 116: 12 detecciones
2026-08-11 13:01:40,815 - yolo_detector - INFO - Frame 117: 10 detecciones
2026-08-11 13:01:40,932 - yolo_detector - INFO - Frame 118: 11 detecciones
2026-08-11 13:01:41,040 - yolo_detector - INFO - Frame 119: 11 detecciones
2026-08-11 13:01:41,150 - yolo_detector - INFO - Frame 120: 10 detecciones
2026-08-11 13:01:41,264 - yolo_detector - INFO - Frame 121: 10 detecciones
2026-08-11 13:01:41,382 - yolo_detector - INFO - Frame 122: 10 detecciones
2026-08-11 13:01:41,496 - yolo_detector - INFO - Frame 123: 9 detecciones
2026-08-11 13:01:41,624 - yolo_detector - INFO - Frame 124: 11 detecciones
2026-08-11 13:01:41,749 - yolo_detector - INFO - Frame 125: 11 detecciones
2026-08-11 13:01:41,880 - yolo_detector - INFO - Frame 126: 11 detecciones
2026-08-11 13:01:42,001 - yolo_detector - INFO - Frame 127: 10 detecciones
2026-08-11 13:01:42,121 - yolo_detector - INFO - Frame 128: 11 detecciones
2026-08-11 13:01:42,293 - yolo_detector - INFO - Frame 129: 11 detecciones
2026-08-11 13:01:42,441 - yolo_detector - INFO - Frame 130: 10 detecciones
2026-08-11 13:01:42,574 - yolo_detector - INFO - Frame 131: 12 detecciones
2026-08-11 13:01:42,701 - yolo_detector - INFO - Frame 132: 11 detecciones
2026-08-11 13:01:42,824 - yolo_detector - INFO - Frame 133: 12 detecciones
2026-08-11 13:01:42,944 - yolo_detector - INFO - Frame 134: 12 detecciones
2026-08-11 13:01:43,069 - yolo_detector - INFO - Frame 135: 11 detecciones
2026-08-11 13:01:43,226 - yolo_detector - INFO - Frame 136: 13 detecciones
2026-08-11 13:01:43,341 - yolo_detector - INFO - Frame 137: 13 detecciones
2026-08-11 13:01:43,456 - yolo_detector - INFO - Frame 138: 14 detecciones
2026-08-11 13:01:43,571 - yolo_detector - INFO - Frame 139: 15 detecciones
2026-08-11 13:01:43,686 - yolo_detector - INFO - Frame 140: 11 detecciones
2026-08-11 13:01:43,798 - yolo_detector - INFO - Frame 141: 12 detecciones
2026-08-11 13:01:43,918 - yolo_detector - INFO - Frame 142: 13 detecciones
2026-08-11 13:01:44,030 - yolo_detector - INFO - Frame 143: 11 detecciones
2026-08-11 13:01:44,148 - yolo_detector - INFO - Frame 144: 12 detecciones
2026-08-11 13:01:44,276 - yolo_detector - INFO - Frame 145: 14 detecciones
2026-08-11 13:01:44,407 - yolo_detector - INFO - Frame 146: 13 detecciones
2026-08-11 13:01:44,541 - yolo_detector - INFO - Frame 147: 12 detecciones
2026-08-11 13:01:44,666 - yolo_detector - INFO - Frame 148: 13 detecciones
2026-08-11 13:01:44,792 - yolo_detector - INFO - Frame 149: 10 detecciones
2026-08-11 13:01:44,922 - yolo_detector - INFO - Frame 150: 12 detecciones
2026-08-11 13:01:45,036 - yolo_detector - INFO - Frame 151: 10 detecciones
2026-08-11 13:01:45,151 - yolo_detector - INFO - Frame 152: 10 detecciones
2026-08-11 13:01:45,269 - yolo_detector - INFO - Frame 153: 9 detecciones
2026-08-11 13:01:45,396 - yolo_detector - INFO - Frame 154: 9 detecciones
2026-08-11 13:01:45,518 - yolo_detector - INFO - Frame 155: 9 detecciones
2026-08-11 13:01:45,628 - yolo_detector - INFO - Frame 156: 8 detecciones
2026-08-11 13:01:45,740 - yolo_detector - INFO - Frame 157: 8 detecciones
2026-08-11 13:01:45,848 - yolo_detector - INFO - Frame 158: 8 detecciones
2026-08-11 13:01:45,955 - yolo_detector - INFO - Frame 159: 7 detecciones
2026-08-11 13:01:46,064 - yolo_detector - INFO - Frame 160: 7 detecciones
2026-08-11 13:01:46,178 - yolo_detector - INFO - Frame 161: 7 detecciones
2026-08-11 13:01:46,297 - yolo_detector - INFO - Frame 162: 8 detecciones
2026-08-11 13:01:46,417 - yolo_detector - INFO - Frame 163: 8 detecciones
2026-08-11 13:01:46,535 - yolo_detector - INFO - Frame 164: 8 detecciones
2026-08-11 13:01:46,650 - yolo_detector - INFO - Frame 165: 7 detecciones
2026-08-11 13:01:46,764 - yolo_detector - INFO - Frame 166: 9 detecciones
2026-08-11 13:01:46,872 - yolo_detector - INFO - Frame 167: 9 detecciones
2026-08-11 13:01:46,989 - yolo_detector - INFO - Frame 168: 9 detecciones
2026-08-11 13:01:47,101 - yolo_detector - INFO - Frame 169: 10 detecciones
2026-08-11 13:01:47,217 - yolo_detector - INFO - Frame 170: 10 detecciones
2026-08-11 13:01:47,332 - yolo_detector - INFO - Frame 171: 9 detecciones
2026-08-11 13:01:47,514 - yolo_detector - INFO - Frame 172: 9 detecciones
2026-08-11 13:01:47,628 - yolo_detector - INFO - Frame 173: 9 detecciones
2026-08-11 13:01:47,744 - yolo_detector - INFO - Frame 174: 9 detecciones
2026-08-11 13:01:47,873 - yolo_detector - INFO - Frame 175: 8 detecciones
2026-08-11 13:01:48,013 - yolo_detector - INFO - Frame 176: 8 detecciones
2026-08-11 13:01:48,133 - yolo_detector - INFO - Frame 177: 8 detecciones
2026-08-11 13:01:48,254 - yolo_detector - INFO - Frame 178: 9 detecciones
2026-08-11 13:01:48,369 - yolo_detector - INFO - Frame 179: 12 detecciones
2026-08-11 13:01:48,488 - yolo_detector - INFO - Frame 180: 12 detecciones
2026-08-11 13:01:48,609 - yolo_detector - INFO - Frame 181: 11 detecciones
2026-08-11 13:01:48,725 - yolo_detector - INFO - Frame 182: 10 detecciones
2026-08-11 13:01:48,837 - yolo_detector - INFO - Frame 183: 11 detecciones
2026-08-11 13:01:48,954 - yolo_detector - INFO - Frame 184: 11 detecciones
2026-08-11 13:01:49,067 - yolo_detector - INFO - Frame 185: 10 detecciones
2026-08-11 13:01:49,184 - yolo_detector - INFO - Frame 186: 11 detecciones
2026-08-11 13:01:49,292 - yolo_detector - INFO - Frame 187: 10 detecciones
2026-08-11 13:01:49,402 - yolo_detector - INFO - Frame 188: 11 detecciones
2026-08-11 13:01:49,520 - yolo_detector - INFO - Frame 189: 11 detecciones
2026-08-11 13:01:49,635 - yolo_detector - INFO - Frame 190: 11 detecciones
2026-08-11 13:01:49,750 - yolo_detector - INFO - Frame 191: 11 detecciones
2026-08-11 13:01:49,868 - yolo_detector - INFO - Frame 192: 10 detecciones
2026-08-11 13:01:49,979 - yolo_detector - INFO - Frame 193: 10 detecciones
2026-08-11 13:01:50,085 - yolo_detector - INFO - Frame 194: 10 detecciones
2026-08-11 13:01:50,196 - yolo_detector - INFO - Frame 195: 10 detecciones
2026-08-11 13:01:50,311 - yolo_detector - INFO - Frame 196: 11 detecciones
2026-08-11 13:01:50,421 - yolo_detector - INFO - Frame 197: 12 detecciones
2026-08-11 13:01:50,536 - yolo_detector - INFO - Frame 198: 10 detecciones
2026-08-11 13:01:50,646 - yolo_detector - INFO - Frame 199: 9 detecciones
2026-08-11 13:01:50,763 - yolo_detector - INFO - Frame 200: 9 detecciones
2026-08-11 13:01:50,881 - yolo_detector - INFO - Frame 201: 10 detecciones
2026-08-11 13:01:50,997 - yolo_detector - INFO - Frame 202: 10 detecciones
2026-08-11 13:01:51,111 - yolo_detector - INFO - Frame 203: 8 detecciones
2026-08-11 13:01:51,222 - yolo_detector - INFO - Frame 204: 9 detecciones
2026-08-11 13:01:51,331 - yolo_detector - INFO - Frame 205: 7 detecciones
2026-08-11 13:01:51,439 - yolo_detector - INFO - Frame 206: 9 detecciones
2026-08-11 13:01:51,554 - yolo_detector - INFO - Frame 207: 8 detecciones
2026-08-11 13:01:51,667 - yolo_detector - INFO - Frame 208: 9 detecciones
2026-08-11 13:01:51,780 - yolo_detector - INFO - Frame 209: 8 detecciones
2026-08-11 13:01:51,889 - yolo_detector - INFO - Frame 210: 7 detecciones
2026-08-11 13:01:51,999 - yolo_detector - INFO - Frame 211: 8 detecciones
2026-08-11 13:01:52,113 - yolo_detector - INFO - Frame 212: 7 detecciones
2026-08-11 13:01:52,240 - yolo_detector - INFO - Frame 213: 7 detecciones
2026-08-11 13:01:52,372 - yolo_detector - INFO - Frame 214: 7 detecciones
2026-08-11 13:01:52,484 - yolo_detector - INFO - Frame 215: 7 detecciones
2026-08-11 13:01:52,643 - yolo_detector - INFO - Frame 216: 6 detecciones
2026-08-11 13:01:52,774 - yolo_detector - INFO - Frame 217: 6 detecciones
2026-08-11 13:01:52,892 - yolo_detector - INFO - Frame 218: 6 detecciones
2026-08-11 13:01:52,997 - yolo_detector - INFO - Frame 219: 5 detecciones
2026-08-11 13:01:53,109 - yolo_detector - INFO - Frame 220: 6 detecciones
2026-08-11 13:01:53,221 - yolo_detector - INFO - Frame 221: 5 detecciones
2026-08-11 13:01:53,338 - yolo_detector - INFO - Frame 222: 5 detecciones
2026-08-11 13:01:53,445 - yolo_detector - INFO - Frame 223: 5 detecciones
2026-08-11 13:01:53,564 - yolo_detector - INFO - Frame 224: 6 detecciones
2026-08-11 13:01:53,678 - yolo_detector - INFO - Frame 225: 6 detecciones
2026-08-11 13:01:53,790 - yolo_detector - INFO - Frame 226: 6 detecciones
2026-08-11 13:01:53,915 - yolo_detector - INFO - Frame 227: 7 detecciones
2026-08-11 13:01:54,038 - yolo_detector - INFO - Frame 228: 6 detecciones
2026-08-11 13:01:54,156 - yolo_detector - INFO - Frame 229: 7 detecciones
2026-08-11 13:01:54,285 - yolo_detector - INFO - Frame 230: 6 detecciones
2026-08-11 13:01:54,407 - yolo_detector - INFO - Frame 231: 8 detecciones
2026-08-11 13:01:54,529 - yolo_detector - INFO - Frame 232: 6 detecciones
2026-08-11 13:01:54,642 - yolo_detector - INFO - Frame 233: 7 detecciones
2026-08-11 13:01:54,759 - yolo_detector - INFO - Frame 234: 9 detecciones
2026-08-11 13:01:54,879 - yolo_detector - INFO - Frame 235: 8 detecciones
2026-08-11 13:01:55,661 - yolo_detector - INFO - Frame 236: 9 detecciones
2026-08-11 13:01:55,778 - yolo_detector - INFO - Frame 237: 7 detecciones
2026-08-11 13:01:55,893 - yolo_detector - INFO - Frame 238: 6 detecciones
2026-08-11 13:01:55,908 - yolo_detector - WARNING - Fin del video o no se pudo leer el frame
2026-08-11 13:01:55,994 - yolo_detector - INFO - Total de frames procesados: 239
2026-08-11 13:01:55,998 - yolo_detector - INFO - --- Procesando Video: VideoPersonas2.mp4 ---
2026-08-11 13:01:55,998 - yolo_detector - INFO - Abriendo fuente de video: examples\VideoPersonas2.mp4
2026-08-11 13:01:56,050 - yolo_detector - INFO - Fuente abierta con backend: default
2026-08-11 13:01:56,117 - yolo_detector - INFO - Warmup exitoso con backend default en intento 1
2026-08-11 13:01:56,118 - yolo_detector - INFO - Video: 1280x720 @ 24.0 FPS
2026-08-11 13:01:56,121 - yolo_detector - INFO - Guardando en: output\out_VideoPersonas2.mp4
2026-08-11 13:01:56,293 - yolo_detector - INFO - Frame 0: 6 detecciones
2026-08-11 13:01:56,520 - yolo_detector - INFO - Frame 1: 7 detecciones
2026-08-11 13:01:56,682 - yolo_detector - INFO - Frame 2: 8 detecciones
2026-08-11 13:01:56,820 - yolo_detector - INFO - Frame 3: 7 detecciones
2026-08-11 13:01:56,961 - yolo_detector - INFO - Frame 4: 7 detecciones
2026-08-11 13:01:57,099 - yolo_detector - INFO - Frame 5: 8 detecciones
2026-08-11 13:01:57,222 - yolo_detector - INFO - Frame 6: 8 detecciones
2026-08-11 13:01:57,354 - yolo_detector - INFO - Frame 7: 8 detecciones
2026-08-11 13:01:57,508 - yolo_detector - INFO - Frame 8: 8 detecciones
2026-08-11 13:01:57,640 - yolo_detector - INFO - Frame 9: 8 detecciones
2026-08-11 13:01:57,765 - yolo_detector - INFO - Frame 10: 7 detecciones
2026-08-11 13:01:57,905 - yolo_detector - INFO - Frame 11: 7 detecciones
2026-08-11 13:01:58,033 - yolo_detector - INFO - Frame 12: 8 detecciones
2026-08-11 13:01:58,156 - yolo_detector - INFO - Frame 13: 7 detecciones
2026-08-11 13:01:58,321 - yolo_detector - INFO - Frame 14: 8 detecciones
2026-08-11 13:01:58,446 - yolo_detector - INFO - Frame 15: 8 detecciones
2026-08-11 13:01:58,566 - yolo_detector - INFO - Frame 16: 8 detecciones
2026-08-11 13:01:58,691 - yolo_detector - INFO - Frame 17: 8 detecciones
2026-08-11 13:01:58,818 - yolo_detector - INFO - Frame 18: 7 detecciones
2026-08-11 13:01:58,939 - yolo_detector - INFO - Frame 19: 7 detecciones
2026-08-11 13:01:59,053 - yolo_detector - INFO - Frame 20: 10 detecciones
2026-08-11 13:01:59,171 - yolo_detector - INFO - Frame 21: 9 detecciones
2026-08-11 13:01:59,287 - yolo_detector - INFO - Frame 22: 8 detecciones
2026-08-11 13:01:59,404 - yolo_detector - INFO - Frame 23: 7 detecciones
2026-08-11 13:01:59,516 - yolo_detector - INFO - Frame 24: 7 detecciones
2026-08-11 13:01:59,634 - yolo_detector - INFO - Frame 25: 7 detecciones
2026-08-11 13:01:59,749 - yolo_detector - INFO - Frame 26: 7 detecciones
2026-08-11 13:01:59,873 - yolo_detector - INFO - Frame 27: 8 detecciones
2026-08-11 13:01:59,983 - yolo_detector - INFO - Frame 28: 9 detecciones
2026-08-11 13:02:00,105 - yolo_detector - INFO - Frame 29: 8 detecciones
2026-08-11 13:02:00,217 - yolo_detector - INFO - Frame 30: 8 detecciones
2026-08-11 13:02:00,340 - yolo_detector - INFO - Frame 31: 9 detecciones
2026-08-11 13:02:00,457 - yolo_detector - INFO - Frame 32: 8 detecciones
2026-08-11 13:02:00,571 - yolo_detector - INFO - Frame 33: 8 detecciones
2026-08-11 13:02:00,680 - yolo_detector - INFO - Frame 34: 9 detecciones
2026-08-11 13:02:00,797 - yolo_detector - INFO - Frame 35: 9 detecciones
2026-08-11 13:02:00,910 - yolo_detector - INFO - Frame 36: 9 detecciones
2026-08-11 13:02:01,017 - yolo_detector - INFO - Frame 37: 8 detecciones
2026-08-11 13:02:01,134 - yolo_detector - INFO - Frame 38: 8 detecciones
2026-08-11 13:02:01,244 - yolo_detector - INFO - Frame 39: 8 detecciones
2026-08-11 13:02:01,368 - yolo_detector - INFO - Frame 40: 8 detecciones
2026-08-11 13:02:01,486 - yolo_detector - INFO - Frame 41: 10 detecciones
2026-08-11 13:02:01,606 - yolo_detector - INFO - Frame 42: 7 detecciones
2026-08-11 13:02:01,723 - yolo_detector - INFO - Frame 43: 7 detecciones
2026-08-11 13:02:01,879 - yolo_detector - INFO - Frame 44: 6 detecciones
2026-08-11 13:02:01,999 - yolo_detector - INFO - Frame 45: 7 detecciones
2026-08-11 13:02:02,108 - yolo_detector - INFO - Frame 46: 7 detecciones
2026-08-11 13:02:02,229 - yolo_detector - INFO - Frame 47: 8 detecciones
2026-08-11 13:02:02,333 - yolo_detector - INFO - Frame 48: 7 detecciones
2026-08-11 13:02:02,455 - yolo_detector - INFO - Frame 49: 7 detecciones
2026-08-11 13:02:02,568 - yolo_detector - INFO - Frame 50: 7 detecciones
2026-08-11 13:02:02,685 - yolo_detector - INFO - Frame 51: 7 detecciones
2026-08-11 13:02:02,794 - yolo_detector - INFO - Frame 52: 7 detecciones
2026-08-11 13:02:02,914 - yolo_detector - INFO - Frame 53: 7 detecciones
2026-08-11 13:02:03,034 - yolo_detector - INFO - Frame 54: 7 detecciones
2026-08-11 13:02:03,194 - yolo_detector - INFO - Frame 55: 7 detecciones
2026-08-11 13:02:03,341 - yolo_detector - INFO - Frame 56: 8 detecciones
2026-08-11 13:02:03,464 - yolo_detector - INFO - Frame 57: 9 detecciones
2026-08-11 13:02:03,589 - yolo_detector - INFO - Frame 58: 9 detecciones
2026-08-11 13:02:03,714 - yolo_detector - INFO - Frame 59: 10 detecciones
2026-08-11 13:02:03,843 - yolo_detector - INFO - Frame 60: 9 detecciones
2026-08-11 13:02:03,967 - yolo_detector - INFO - Frame 61: 8 detecciones
2026-08-11 13:02:04,086 - yolo_detector - INFO - Frame 62: 8 detecciones
2026-08-11 13:02:04,205 - yolo_detector - INFO - Frame 63: 8 detecciones
2026-08-11 13:02:04,320 - yolo_detector - INFO - Frame 64: 9 detecciones
2026-08-11 13:02:04,434 - yolo_detector - INFO - Frame 65: 9 detecciones
2026-08-11 13:02:04,547 - yolo_detector - INFO - Frame 66: 8 detecciones
2026-08-11 13:02:04,665 - yolo_detector - INFO - Frame 67: 9 detecciones
2026-08-11 13:02:04,782 - yolo_detector - INFO - Frame 68: 10 detecciones
2026-08-11 13:02:04,907 - yolo_detector - INFO - Frame 69: 12 detecciones
2026-08-11 13:02:05,023 - yolo_detector - INFO - Frame 70: 11 detecciones
2026-08-11 13:02:05,135 - yolo_detector - INFO - Frame 71: 11 detecciones
2026-08-11 13:02:05,252 - yolo_detector - INFO - Frame 72: 11 detecciones
2026-08-11 13:02:05,362 - yolo_detector - INFO - Frame 73: 9 detecciones
2026-08-11 13:02:05,487 - yolo_detector - INFO - Frame 74: 8 detecciones
2026-08-11 13:02:05,608 - yolo_detector - INFO - Frame 75: 9 detecciones
2026-08-11 13:02:05,726 - yolo_detector - INFO - Frame 76: 10 detecciones
2026-08-11 13:02:05,842 - yolo_detector - INFO - Frame 77: 9 detecciones
2026-08-11 13:02:05,963 - yolo_detector - INFO - Frame 78: 9 detecciones
2026-08-11 13:02:06,073 - yolo_detector - INFO - Frame 79: 8 detecciones
2026-08-11 13:02:06,182 - yolo_detector - INFO - Frame 80: 9 detecciones
2026-08-11 13:02:06,291 - yolo_detector - INFO - Frame 81: 10 detecciones
2026-08-11 13:02:06,407 - yolo_detector - INFO - Frame 82: 8 detecciones
2026-08-11 13:02:06,520 - yolo_detector - INFO - Frame 83: 10 detecciones
2026-08-11 13:02:06,631 - yolo_detector - INFO - Frame 84: 9 detecciones
2026-08-11 13:02:06,740 - yolo_detector - INFO - Frame 85: 8 detecciones
2026-08-11 13:02:06,870 - yolo_detector - INFO - Frame 86: 9 detecciones
2026-08-11 13:02:07,009 - yolo_detector - INFO - Frame 87: 11 detecciones
2026-08-11 13:02:07,136 - yolo_detector - INFO - Frame 88: 10 detecciones
2026-08-11 13:02:07,255 - yolo_detector - INFO - Frame 89: 10 detecciones
2026-08-11 13:02:07,371 - yolo_detector - INFO - Frame 90: 9 detecciones
2026-08-11 13:02:07,484 - yolo_detector - INFO - Frame 91: 9 detecciones
2026-08-11 13:02:07,604 - yolo_detector - INFO - Frame 92: 8 detecciones
2026-08-11 13:02:07,724 - yolo_detector - INFO - Frame 93: 9 detecciones
2026-08-11 13:02:07,840 - yolo_detector - INFO - Frame 94: 8 detecciones
2026-08-11 13:02:07,955 - yolo_detector - INFO - Frame 95: 9 detecciones
2026-08-11 13:02:08,074 - yolo_detector - INFO - Frame 96: 9 detecciones
2026-08-11 13:02:08,187 - yolo_detector - INFO - Frame 97: 8 detecciones
2026-08-11 13:02:08,292 - yolo_detector - INFO - Frame 98: 9 detecciones
2026-08-11 13:02:08,417 - yolo_detector - INFO - Frame 99: 11 detecciones
2026-08-11 13:02:08,556 - yolo_detector - INFO - Frame 100: 11 detecciones
2026-08-11 13:02:08,681 - yolo_detector - INFO - Frame 101: 9 detecciones
2026-08-11 13:02:08,799 - yolo_detector - INFO - Frame 102: 10 detecciones
2026-08-11 13:02:08,916 - yolo_detector - INFO - Frame 103: 8 detecciones
2026-08-11 13:02:09,084 - yolo_detector - INFO - Frame 104: 9 detecciones
2026-08-11 13:02:09,196 - yolo_detector - INFO - Frame 105: 9 detecciones
2026-08-11 13:02:09,308 - yolo_detector - INFO - Frame 106: 8 detecciones
2026-08-11 13:02:09,426 - yolo_detector - INFO - Frame 107: 8 detecciones
2026-08-11 13:02:09,540 - yolo_detector - INFO - Frame 108: 8 detecciones
2026-08-11 13:02:09,649 - yolo_detector - INFO - Frame 109: 7 detecciones
2026-08-11 13:02:09,767 - yolo_detector - INFO - Frame 110: 9 detecciones
2026-08-11 13:02:09,875 - yolo_detector - INFO - Frame 111: 10 detecciones
2026-08-11 13:02:09,994 - yolo_detector - INFO - Frame 112: 10 detecciones
2026-08-11 13:02:10,106 - yolo_detector - INFO - Frame 113: 10 detecciones
2026-08-11 13:02:10,219 - yolo_detector - INFO - Frame 114: 9 detecciones
2026-08-11 13:02:10,336 - yolo_detector - INFO - Frame 115: 10 detecciones
2026-08-11 13:02:10,448 - yolo_detector - INFO - Frame 116: 9 detecciones
2026-08-11 13:02:10,567 - yolo_detector - INFO - Frame 117: 10 detecciones
2026-08-11 13:02:10,681 - yolo_detector - INFO - Frame 118: 9 detecciones
2026-08-11 13:02:10,799 - yolo_detector - INFO - Frame 119: 9 detecciones
2026-08-11 13:02:10,911 - yolo_detector - INFO - Frame 120: 9 detecciones
2026-08-11 13:02:11,028 - yolo_detector - INFO - Frame 121: 9 detecciones
2026-08-11 13:02:11,141 - yolo_detector - INFO - Frame 122: 10 detecciones
2026-08-11 13:02:11,251 - yolo_detector - INFO - Frame 123: 10 detecciones
2026-08-11 13:02:11,355 - yolo_detector - INFO - Frame 124: 10 detecciones
2026-08-11 13:02:11,471 - yolo_detector - INFO - Frame 125: 11 detecciones
2026-08-11 13:02:11,586 - yolo_detector - INFO - Frame 126: 9 detecciones
2026-08-11 13:02:11,706 - yolo_detector - INFO - Frame 127: 9 detecciones
2026-08-11 13:02:11,878 - yolo_detector - INFO - Frame 128: 10 detecciones
2026-08-11 13:02:12,001 - yolo_detector - INFO - Frame 129: 9 detecciones
2026-08-11 13:02:12,126 - yolo_detector - INFO - Frame 130: 9 detecciones
2026-08-11 13:02:12,248 - yolo_detector - INFO - Frame 131: 10 detecciones
2026-08-11 13:02:12,362 - yolo_detector - INFO - Frame 132: 11 detecciones
2026-08-11 13:02:12,490 - yolo_detector - INFO - Frame 133: 10 detecciones
2026-08-11 13:02:12,630 - yolo_detector - INFO - Frame 134: 8 detecciones
2026-08-11 13:02:12,775 - yolo_detector - INFO - Frame 135: 8 detecciones
2026-08-11 13:02:12,916 - yolo_detector - INFO - Frame 136: 9 detecciones
2026-08-11 13:02:13,049 - yolo_detector - INFO - Frame 137: 7 detecciones
2026-08-11 13:02:13,170 - yolo_detector - INFO - Frame 138: 7 detecciones
2026-08-11 13:02:13,298 - yolo_detector - INFO - Frame 139: 8 detecciones
2026-08-11 13:02:13,406 - yolo_detector - INFO - Frame 140: 7 detecciones
2026-08-11 13:02:13,524 - yolo_detector - INFO - Frame 141: 7 detecciones
2026-08-11 13:02:13,656 - yolo_detector - INFO - Frame 142: 7 detecciones
2026-08-11 13:02:13,783 - yolo_detector - INFO - Frame 143: 8 detecciones
2026-08-11 13:02:13,902 - yolo_detector - INFO - Frame 144: 9 detecciones
2026-08-11 13:02:14,013 - yolo_detector - INFO - Frame 145: 9 detecciones
2026-08-11 13:02:14,118 - yolo_detector - INFO - Frame 146: 6 detecciones
2026-08-11 13:02:14,231 - yolo_detector - INFO - Frame 147: 6 detecciones
2026-08-11 13:02:14,341 - yolo_detector - INFO - Frame 148: 6 detecciones
2026-08-11 13:02:14,489 - yolo_detector - INFO - Frame 149: 9 detecciones
2026-08-11 13:02:14,802 - yolo_detector - INFO - Frame 150: 9 detecciones
2026-08-11 13:02:14,965 - yolo_detector - INFO - Frame 151: 10 detecciones
2026-08-11 13:02:15,131 - yolo_detector - INFO - Frame 152: 9 detecciones
2026-08-11 13:02:15,297 - yolo_detector - INFO - Frame 153: 6 detecciones
2026-08-11 13:02:15,459 - yolo_detector - INFO - Frame 154: 6 detecciones
2026-08-11 13:02:15,639 - yolo_detector - INFO - Frame 155: 7 detecciones
2026-08-11 13:02:15,799 - yolo_detector - INFO - Frame 156: 6 detecciones
2026-08-11 13:02:16,009 - yolo_detector - INFO - Frame 157: 6 detecciones
2026-08-11 13:02:16,183 - yolo_detector - INFO - Frame 158: 5 detecciones
2026-08-11 13:02:16,389 - yolo_detector - INFO - Frame 159: 6 detecciones
2026-08-11 13:02:16,585 - yolo_detector - INFO - Frame 160: 6 detecciones
2026-08-11 13:02:16,764 - yolo_detector - INFO - Frame 161: 5 detecciones
2026-08-11 13:02:16,920 - yolo_detector - INFO - Frame 162: 5 detecciones
2026-08-11 13:02:17,092 - yolo_detector - INFO - Frame 163: 7 detecciones
2026-08-11 13:02:17,257 - yolo_detector - INFO - Frame 164: 7 detecciones
2026-08-11 13:02:17,416 - yolo_detector - INFO - Frame 165: 6 detecciones
2026-08-11 13:02:17,580 - yolo_detector - INFO - Frame 166: 7 detecciones
2026-08-11 13:02:17,753 - yolo_detector - INFO - Frame 167: 6 detecciones
2026-08-11 13:02:17,911 - yolo_detector - INFO - Frame 168: 7 detecciones
2026-08-11 13:02:18,124 - yolo_detector - INFO - Frame 169: 5 detecciones
2026-08-11 13:02:18,338 - yolo_detector - INFO - Frame 170: 4 detecciones
2026-08-11 13:02:18,542 - yolo_detector - INFO - Frame 171: 5 detecciones
2026-08-11 13:02:18,719 - yolo_detector - INFO - Frame 172: 6 detecciones
2026-08-11 13:02:18,896 - yolo_detector - INFO - Frame 173: 6 detecciones
2026-08-11 13:02:19,075 - yolo_detector - INFO - Frame 174: 6 detecciones
2026-08-11 13:02:19,236 - yolo_detector - INFO - Frame 175: 6 detecciones
2026-08-11 13:02:19,436 - yolo_detector - INFO - Frame 176: 6 detecciones
2026-08-11 13:02:19,581 - yolo_detector - INFO - Frame 177: 6 detecciones
2026-08-11 13:02:19,789 - yolo_detector - INFO - Frame 178: 6 detecciones
2026-08-11 13:02:19,958 - yolo_detector - INFO - Frame 179: 6 detecciones
2026-08-11 13:02:20,127 - yolo_detector - INFO - Frame 180: 5 detecciones
2026-08-11 13:02:20,304 - yolo_detector - INFO - Frame 181: 7 detecciones
2026-08-11 13:02:20,512 - yolo_detector - INFO - Frame 182: 7 detecciones
2026-08-11 13:02:20,689 - yolo_detector - INFO - Frame 183: 6 detecciones
2026-08-11 13:02:20,852 - yolo_detector - INFO - Frame 184: 6 detecciones
2026-08-11 13:02:21,007 - yolo_detector - INFO - Frame 185: 7 detecciones
2026-08-11 13:02:21,163 - yolo_detector - INFO - Frame 186: 7 detecciones
2026-08-11 13:02:21,398 - yolo_detector - INFO - Frame 187: 7 detecciones
2026-08-11 13:02:21,567 - yolo_detector - INFO - Frame 188: 6 detecciones
2026-08-11 13:02:21,730 - yolo_detector - INFO - Frame 189: 7 detecciones
2026-08-11 13:02:21,893 - yolo_detector - INFO - Frame 190: 6 detecciones
2026-08-11 13:02:22,060 - yolo_detector - INFO - Frame 191: 5 detecciones
2026-08-11 13:02:22,227 - yolo_detector - INFO - Frame 192: 4 detecciones
2026-08-11 13:02:22,383 - yolo_detector - INFO - Frame 193: 5 detecciones
2026-08-11 13:02:22,628 - yolo_detector - INFO - Frame 194: 6 detecciones
2026-08-11 13:02:22,815 - yolo_detector - INFO - Frame 195: 4 detecciones
2026-08-11 13:02:22,982 - yolo_detector - INFO - Frame 196: 6 detecciones
2026-08-11 13:02:23,198 - yolo_detector - INFO - Frame 197: 5 detecciones
2026-08-11 13:02:23,399 - yolo_detector - INFO - Frame 198: 5 detecciones
2026-08-11 13:02:23,564 - yolo_detector - INFO - Frame 199: 5 detecciones
2026-08-11 13:02:23,723 - yolo_detector - INFO - Frame 200: 6 detecciones
2026-08-11 13:02:23,888 - yolo_detector - INFO - Frame 201: 6 detecciones
2026-08-11 13:02:24,050 - yolo_detector - INFO - Frame 202: 6 detecciones
2026-08-11 13:02:24,214 - yolo_detector - INFO - Frame 203: 4 detecciones
2026-08-11 13:02:24,383 - yolo_detector - INFO - Frame 204: 4 detecciones
2026-08-11 13:02:24,551 - yolo_detector - INFO - Frame 205: 4 detecciones
2026-08-11 13:02:24,732 - yolo_detector - INFO - Frame 206: 4 detecciones
2026-08-11 13:02:24,904 - yolo_detector - INFO - Frame 207: 6 detecciones
2026-08-11 13:02:25,058 - yolo_detector - INFO - Frame 208: 5 detecciones
2026-08-11 13:02:25,276 - yolo_detector - INFO - Frame 209: 5 detecciones
2026-08-11 13:02:25,496 - yolo_detector - INFO - Frame 210: 5 detecciones
2026-08-11 13:02:25,664 - yolo_detector - INFO - Frame 211: 5 detecciones
2026-08-11 13:02:25,858 - yolo_detector - INFO - Frame 212: 6 detecciones
2026-08-11 13:02:26,061 - yolo_detector - INFO - Frame 213: 5 detecciones
2026-08-11 13:02:26,234 - yolo_detector - INFO - Frame 214: 5 detecciones
2026-08-11 13:02:26,403 - yolo_detector - INFO - Frame 215: 3 detecciones
2026-08-11 13:02:26,563 - yolo_detector - INFO - Frame 216: 5 detecciones
2026-08-11 13:02:26,741 - yolo_detector - INFO - Frame 217: 5 detecciones
2026-08-11 13:02:26,920 - yolo_detector - INFO - Frame 218: 5 detecciones
2026-08-11 13:02:27,075 - yolo_detector - INFO - Frame 219: 4 detecciones
2026-08-11 13:02:27,238 - yolo_detector - INFO - Frame 220: 6 detecciones
2026-08-11 13:02:27,431 - yolo_detector - INFO - Frame 221: 6 detecciones
2026-08-11 13:02:27,610 - yolo_detector - INFO - Frame 222: 5 detecciones
2026-08-11 13:02:27,846 - yolo_detector - INFO - Frame 223: 5 detecciones
2026-08-11 13:02:28,019 - yolo_detector - INFO - Frame 224: 5 detecciones
2026-08-11 13:02:28,248 - yolo_detector - INFO - Frame 225: 6 detecciones
2026-08-11 13:02:28,448 - yolo_detector - INFO - Frame 226: 6 detecciones
2026-08-11 13:02:28,655 - yolo_detector - INFO - Frame 227: 6 detecciones
2026-08-11 13:02:28,881 - yolo_detector - INFO - Frame 228: 6 detecciones
2026-08-11 13:02:29,063 - yolo_detector - INFO - Frame 229: 6 detecciones
2026-08-11 13:02:29,226 - yolo_detector - INFO - Frame 230: 6 detecciones
2026-08-11 13:02:29,391 - yolo_detector - INFO - Frame 231: 6 detecciones
2026-08-11 13:02:29,555 - yolo_detector - INFO - Frame 232: 5 detecciones
2026-08-11 13:02:29,731 - yolo_detector - INFO - Frame 233: 5 detecciones
2026-08-11 13:02:29,903 - yolo_detector - INFO - Frame 234: 5 detecciones
2026-08-11 13:02:30,062 - yolo_detector - INFO - Frame 235: 5 detecciones
2026-08-11 13:02:30,279 - yolo_detector - INFO - Frame 236: 5 detecciones
2026-08-11 13:02:30,439 - yolo_detector - INFO - Frame 237: 5 detecciones
2026-08-11 13:02:30,676 - yolo_detector - INFO - Frame 238: 4 detecciones
2026-08-11 13:02:30,700 - yolo_detector - WARNING - Fin del video o no se pudo leer el frame
2026-08-11 13:02:30,747 - yolo_detector - INFO - Total de frames procesados: 239
